{"rating": 5, "links": [], "maingenre": "Short", "imdb": "tt0368753", "year": "2002", "plot": [""], "genres": ["Short"], "compose": [], "title": "Golden", "plot_es": [""], "original_name": "Golden", "mediaType": 2, "languages": ["English"], "idm": 1234113, "plot_en": [""], "status": 3, "timestamp": 1419634800, "broadcast": "online", "produce": [{"imdb": "0100878", "name": "ein-blick productions"}], "total_users": 0, "id_media": "AVZ2REPTA7XCDDX", "director": [{"name": "Luci Westphal"}], "country": ["USA"], "cast": [{"role": "Abraham", "name": "Charles Leader"}], "write": [{"name": "Luci Westphal"}], "episodeUserCreator": [], "aka": null}